// Vitest Snapshot v1, https://vitest.dev/guide/snapshot.html

exports[`record test suite > should return a conference 1`] = `
{
  "alias": "test",
}
`;
