// Vitest Snapshot v1, https://vitest.dev/guide/snapshot.html

exports[`colors test suite > color should match the snapshot 1`] = `"#555203"`;
